[biotoxnutrition.com/biotox-gold/index3a03.html]
[backblue.gif]
[fade.gif]
[index.html]
[biotoxnutrition.com/biotox-gold/index3a03.html]
[www.googleoptimize.com/optimize00b3.js]
[connect.facebook.net/en_US/fbevents.js]
[biotoxnutrition.com/assets/images/apple-icon-72x72.png]
[www.googletagmanager.com/gtm5445.html]
[biotoxnutrition.com/assets/css/jquery.fancybox.min.css]
[biotoxnutrition.com/assets/images/ic_sound_white.png]
[biotoxnutrition.com/assets/images/icon-cta.png]
[biotoxnutrition.com/assets/images/bottle-1.png]
[biotoxnutrition.com/assets/images/bottle1-sm.png]
[biotoxnutrition.com/assets/images/bottle-6.png]
[biotoxnutrition.com/assets/images/bottle6-sm.png]
[biotoxnutrition.com/assets/css/main.minc8c4.css]
[biotoxnutrition.com/biotox-gold/c.26.delayed]
[biotoxnutrition.com/assets/images/bottle-3.png]
[biotoxnutrition.com/assets/images/bottle3-sm.png]
[biotoxnutrition.com/biotox-gold/b.27.delayed]
[biotoxnutrition.com/assets/images/spinner.gif]
[biotoxnutrition.com/biotox-gold/POST]
[connect.facebook.net/en_US/fbevents.js]
[biotoxnutrition.com/cdn-cgi/scripts/5c5dd728/cloudflare-static/email-decode.min.js]
[player.vimeo.com/api/player.js]
[biotoxnutrition.com/assets/js/lazyload.min.js]
[biotoxnutrition.com/assets/js/app.minf700.js]
[cdnjs.cloudflare.com/ajax/libs/jquery/3.3.1/jquery.min.js]
[biotoxnutrition.com/assets/js/jquery.fancybox.min.js]
[biotoxnutrition.com/assets/js/bounceback.min.js]
[biotoxnutrition.com/assets/js/popup-mobile0ff5.js]
[biotoxnutrition.com/assets/js/video-settings9f1e.js]
[static.cloudflareinsights.com/beacon.min.js]
[ajax.cloudflare.com/cdn-cgi/scripts/7d0fa10a/cloudflare-static/rocket-loader.min.js]
[biotoxnutrition.com/assets/images/video-paused.png]
[biotoxnutrition.com/assets/images/bg--guarantee.jpg]
[biotoxnutrition.com/assets/images/bg--guarantee01.jpg]
[biotoxnutrition.com/assets/images/bg-leafs.png]
[biotoxnutrition.com/assets/images/bg--lady.jpg]
[biotoxnutrition.com/assets/images/leaf-left.png]
[biotoxnutrition.com/assets/images/leaf-right.png]
[biotoxnutrition.com/assets/images/flask.png]
[biotoxnutrition.com/assets/images/link.png]
[biotoxnutrition.com/assets/images/60-day-money-back-guarantee.png]
[biotoxnutrition.com/assets/images/quote.png]
[biotoxnutrition.com/assets/images/testimonial-after.png]
[biotoxnutrition.com/biotox-gold/c.html]
[biotoxnutrition.com/biotox-gold/b.html]
[biotoxnutrition.com/biotox-gold/POST.html]
